// Jest Snapshot v1, https://goo.gl/fbAQLP

exports[`snapshot 1`] = `
Array [
  Array [
    "empty",
    "empty",
    "empty",
  ],
  Array [
    "empty",
    "empty",
    "turquoise",
  ],
]
`;
