// Jest Snapshot v1, https://goo.gl/fbAQLP

exports[`renders correctly 1`] = `
<div
  className="red down"
  data-testid="knife"
  onClick={[Function]}
/>
`;
